SQL> SET PAGES 200 LINE 200
SQL> SELECT *
  2  FROM EMP
  3  WHERE HIREDATE BETWEEN '1-JAN-81' AND '31-DEC-81' AND ENAME LIKE '%A%' AND COMM IS NOT NULL ANSDEPTNO LIKE '%30%';
WHERE HIREDATE BETWEEN '1-JAN-81' AND '31-DEC-81' AND ENAME LIKE '%A%' AND COMM IS NOT NULL ANSDEPTNO LIKE '%30%'
                                                                                            *
ERROR at line 3:
ORA-00933: SQL command not properly ended 


SQL> ED
Wrote file afiedt.buf

  1  SELECT *
  2  FROM EMP
  3* WHERE HIREDATE BETWEEN '1-JAN-81' AND '31-DEC-81' AND ENAME LIKE '%A%' AND COMM IS NOT NULL AND DEPTNO LIKE '%30%'
SQL> /

     EMPNO ENAME      JOB              MGR HIREDATE         SAL       COMM     DEPTNO                                                                                                                   
---------- ---------- --------- ---------- --------- ---------- ---------- ----------                                                                                                                   
      7499 ALLEN      SALESMAN        7698 20-FEB-81       1600        300         30                                                                                                                   
      7521 WARD       SALESMAN        7698 22-FEB-81       1250        500         30                                                                                                                   
      7654 MARTIN     SALESMAN        7698 28-SEP-81       1250       1400         30                                                                                                                   

SQL> --144--
SQL> SELECT *
  2  FROM EMP
  3  WHERE MGR IS NOT NULL AND SAL*12>10000 AND EMPNO BETWEEN 7850 AND 7950 AND JOB='ANALYST';

     EMPNO ENAME      JOB              MGR HIREDATE         SAL       COMM     DEPTNO                                                                                                                   
---------- ---------- --------- ---------- --------- ---------- ---------- ----------                                                                                                                   
      7902 FORD       ANALYST         7566 03-DEC-81       3000                    20                                                                                                                   

SQL> SELECT *
  2  FROM DEPT
  3  WHERE ENAME LIKE '%E%' OR ENAME LIKE'%A%' AND LOC LIKE '%A%' AND DEPTNO =30;
WHERE ENAME LIKE '%E%' OR ENAME LIKE'%A%' AND LOC LIKE '%A%' AND DEPTNO =30
                          *
ERROR at line 3:
ORA-00904: "ENAME": invalid identifier 


SQL> ED
Wrote file afiedt.buf

  1  SELECT *
  2  FROM DEPT
  3* WHERE DNAME LIKE '%E%' OR DNAME LIKE'%A%' AND LOC LIKE '%A%' AND DEPTNO =30
SQL> /

    DEPTNO DNAME          LOC                                                                                                                                                                           
---------- -------------- -------------                                                                                                                                                                 
        20 RESEARCH       DALLAS                                                                                                                                                                        
        30 SALES          CHICAGO                                                                                                                                                                       
        40 OPERATIONS     BOSTON                                                                                                                                                                        

SQL> SELECT *
  2  FROM EMP
  3  WHERE SAL<2000 AND SAL>3000 AND HIREDATE LIKE '%11%' OR HIREDATE LIKE '%9%' AND SAL*1+COMM<2000;

no rows selected

SQL> --147--
SQL> SELECT *
  2  FROM EMP
  3  WHERE SAL*12 AND SAL>500 AND SAL<2000 AND ENAME LIKE '%S%';
WHERE SAL*12 AND SAL>500 AND SAL<2000 AND ENAME LIKE '%S%'
             *
ERROR at line 3:
ORA-00920: invalid relational operator 


SQL> ED
Wrote file afiedt.buf

  1  SELECT *
  2  FROM EMP
  3* WHERE SAL*12 OR SAL>500 AND SAL<2000 AND ENAME LIKE '%S%'
SQL> /
WHERE SAL*12 OR SAL>500 AND SAL<2000 AND ENAME LIKE '%S%'
             *
ERROR at line 3:
ORA-00920: invalid relational operator 


SQL> SELECT SAL*3
  2  FROM EMP
  3  WHERE SAL BETWEEN 501 AND 1999 AND ENAME LIKE'%S%';

     SAL*3                                                                                                                                                                                              
----------                                                                                                                                                                                              
      2400                                                                                                                                                                                              
      3300                                                                                                                                                                                              
      2850                                                                                                                                                                                              

SQL> SELECT ENAME
  2  FROM EMP
  3  WHERE ENAME LIKE '%E' AND SAL BETWEEN 6001 AND 12001;

no rows selected

SQL> ED
Wrote file afiedt.buf

  1  SELECT ENAME
  2  FROM EMP
  3* WHERE ENAME LIKE '%E' AND SAL BETWEEN 6001 AND 1199
SQL> /

no rows selected

SQL> ED
Wrote file afiedt.buf

  1  SELECT ENAME
  2  FROM EMP
  3* WHERE ENAME LIKE '%E' AND SAL BETWEEN 6000 AND 12000
SQL> /

no rows selected

SQL> --150--
SQL> SELECT ENAME
  2  FROM EMP
  3  WHERE JON NOT IN = 'CLERK' AND SAL>3000;
WHERE JON NOT IN = 'CLERK' AND SAL>3000
                 *
ERROR at line 3:
ORA-00936: missing expression 


SQL> ED
Wrote file afiedt.buf

  1  SELECT ENAME
  2  FROM EMP
  3* WHERE JON NOT IN  'CLERK' AND SAL>3000
SQL> /
WHERE JON NOT IN  'CLERK' AND SAL>3000
      *
ERROR at line 3:
ORA-00904: "JON": invalid identifier 


SQL> ED
Wrote file afiedt.buf

  1  SELECT ENAME
  2  FROM EMP
  3* WHERE JOB NOT IN  'CLERK' AND SAL>3000
SQL> /

ENAME                                                                                                                                                                                                   
----------                                                                                                                                                                                              
KING                                                                                                                                                                                                    

SQL> --151--
SQL> SELECT *
  2  FROM EMP
  3  
SQL> SELECT *
  2  FROM DEPT
  3  WHERE LOC =1700 AND JOB ='MANAGER';
WHERE LOC =1700 AND JOB ='MANAGER'
                    *
ERROR at line 3:
ORA-00904: "JOB": invalid identifier 


SQL> ED
Wrote file afiedt.buf

  1  SELECT *
  2  FROM DEPT
  3* WHERE LOC =1700 AND JOB IN 'MANAGER'
SQL> /
WHERE LOC =1700 AND JOB IN 'MANAGER'
                    *
ERROR at line 3:
ORA-00904: "JOB": invalid identifier 


SQL> SELECT *
  2  FROM DEPT
  3  WHERE LOCNO LIKE '1700%'AND MANAGER IS NOT NULL;
WHERE LOCNO LIKE '1700%'AND MANAGER IS NOT NULL
                            *
ERROR at line 3:
ORA-00904: "MANAGER": invalid identifier 


SQL> ED
Wrote file afiedt.buf

  1  SELECT *
  2  FROM DEPT
  3* WHERE LOCNO LIKE '1700%'AND 'MANAGER' IS NOT NULL
SQL> /
WHERE LOCNO LIKE '1700%'AND 'MANAGER' IS NOT NULL
      *
ERROR at line 3:
ORA-00904: "LOCNO": invalid identifier 


SQL> ED
Wrote file afiedt.buf

  1  SELECT *
  2  FROM DEPT
  3* WHERE LOC  LIKE '1700%'AND 'MANAGER' IS NOT NULL
SQL> /

no rows selected

SQL> SELECT *
  2  FROM EMP
  3  WHERE
  4  
SQL> SELECT MGR
  2  FROM EMP
  3  WHERE SAL>1000 AND HIREDATE BETWEEN '1-JAN-81 AND '31-DEC-81';
ERROR:
ORA-01756: quoted string not properly terminated 


SQL> ED
Wrote file afiedt.buf

  1  SELECT MGR
  2  FROM EMP
  3* WHERE SAL>1000 AND HIREDATE BETWEEN '1-JAN-81'S AND '31-DEC-81'
SQL> /
WHERE SAL>1000 AND HIREDATE BETWEEN '1-JAN-81'S AND '31-DEC-81'
                                              *
ERROR at line 3:
ORA-00905: missing keyword 


SQL> ED
Wrote file afiedt.buf

  1  SELECT MGR
  2  FROM EMP
  3* WHERE SAL>1000 AND HIREDATE BETWEEN '1-JAN-81' AND '31-DEC-81'
SQL> /

       MGR                                                                                                                                                                                              
----------                                                                                                                                                                                              
      7698                                                                                                                                                                                              
      7698                                                                                                                                                                                              
      7839                                                                                                                                                                                              
      7698                                                                                                                                                                                              
      7839                                                                                                                                                                                              
      7839                                                                                                                                                                                              
                                                                                                                                                                                                        
      7698                                                                                                                                                                                              
      7566                                                                                                                                                                                              

9 rows selected.

SQL> SELECT *
  2  FROM EMP
  3  WHERE MGR =7687 AND JOB = 'SALESMAN' AND ENAME LIKE 'N%';

no rows selected

SQL> ED
Wrote file afiedt.buf

  1  SELECT *
  2  FROM EMP
  3* WHERE MGR =7698 AND JOB = 'SALESMAN' AND ENAME LIKE 'N%'
SQL> /

no rows selected

SQL> SELECT ENAME
  2  FROM EMP
  3  WHERE JOB ='CLREK' AND SAL>1000 AND HIREDATE > '14-FEB-81';

no rows selected

SQL> ED
Wrote file afiedt.buf

  1  SELECT ENAME
  2  FROM EMP
  3* WHERE JOB ='CLREK' AND SAL>1000 AND HIREDATE > '31-DEC-81'
SQL> /

no rows selected

SQL> ED
Wrote file afiedt.buf

  1  SELECT *
  2  FROM EMP
  3* WHERE JOB ='CLREK' AND SAL>1000 AND HIREDATE > '31-DEC-81'
SQL> /

no rows selected

SQL> --159--
SQL> SELECT *
  2  FROM EMP
  3  WHERE BETWEEN 1000 AND 3000 JOB NOT IN 'CLERK' AND ENAME LIKE 'A%';
WHERE BETWEEN 1000 AND 3000 JOB NOT IN 'CLERK' AND ENAME LIKE 'A%'
      *
ERROR at line 3:
ORA-00936: missing expression 


SQL> ED
Wrote file afiedt.buf

  1  SELECT *
  2  FROM EMP
  3* WHERE SAL BETWEEN 1000 AND 3000 JOB NOT IN 'CLERK' AND ENAME LIKE 'A%'
SQL> /
WHERE SAL BETWEEN 1000 AND 3000 JOB NOT IN 'CLERK' AND ENAME LIKE 'A%'
                                *
ERROR at line 3:
ORA-00933: SQL command not properly ended 


SQL> ED
Wrote file afiedt.buf

  1  SELECT *
  2  FROM EMP
  3* WHERE SAL BETWEEN 1000 AND 3000 JOB != 'CLERK' AND ENAME LIKE 'A%'
SQL> /
WHERE SAL BETWEEN 1000 AND 3000 JOB != 'CLERK' AND ENAME LIKE 'A%'
                                *
ERROR at line 3:
ORA-00933: SQL command not properly ended 


SQL> ED
Wrote file afiedt.buf

  1  SELECT *
  2  FROM EMP
  3* WHERE SAL BETWEEN 1000 AND 3000 AND  JOB != 'CLERK' AND ENAME LIKE 'A%'
SQL> /

     EMPNO ENAME      JOB              MGR HIREDATE         SAL       COMM     DEPTNO                                                                                                                   
---------- ---------- --------- ---------- --------- ---------- ---------- ----------                                                                                                                   
      7499 ALLEN      SALESMAN        7698 20-FEB-81       1600        300         30                                                                                                                   

SQL>  --160--
SQL> SELECT *
  2  FROM EMP
  3  WHERE JOB NOT IN ('SALESMAN','MANAGER') AND DEPTNO =10;

     EMPNO ENAME      JOB              MGR HIREDATE         SAL       COMM     DEPTNO                                                                                                                   
---------- ---------- --------- ---------- --------- ---------- ---------- ----------                                                                                                                   
      7839 KING       PRESIDENT            17-NOV-81       5000                    10                                                                                                                   
      7934 MILLER     CLERK           7782 23-JAN-82       1300                    10                                                                                                                   

SQL> --161--
SQL> SELECT *
  2  FROM EMP
  3  WHERE SAL NOT BETWEEN 1500 AND 3000;

     EMPNO ENAME      JOB              MGR HIREDATE         SAL       COMM     DEPTNO                                                                                                                   
---------- ---------- --------- ---------- --------- ---------- ---------- ----------                                                                                                                   
      7369 SMITH      CLERK           7902 17-DEC-80        800                    20                                                                                                                   
      7521 WARD       SALESMAN        7698 22-FEB-81       1250        500         30                                                                                                                   
      7654 MARTIN     SALESMAN        7698 28-SEP-81       1250       1400         30                                                                                                                   
      7839 KING       PRESIDENT            17-NOV-81       5000                    10                                                                                                                   
      7876 ADAMS      CLERK           7788 23-MAY-87       1100                    20                                                                                                                   
      7900 JAMES      CLERK           7698 03-DEC-81        950                    30                                                                                                                   
      7934 MILLER     CLERK           7782 23-JAN-82       1300                    10                                                                                                                   

7 rows selected.

SQL> --162--
SQL> SELECT *
  2  FROM EMP
  3  WHERE JOB = 'MANAGER' AND ENAME LIKE 'J%';

     EMPNO ENAME      JOB              MGR HIREDATE         SAL       COMM     DEPTNO                                                                                                                   
---------- ---------- --------- ---------- --------- ---------- ---------- ----------                                                                                                                   
      7566 JONES      MANAGER         7839 02-APR-81       2975                    20                                                                                                                   

SQL> SELECT JOB
  2  FROM EMP
  3  WHERE JOB ='SALESMAN' AND DEPTNO =20 AND SAL>2000;

no rows selected

SQL> SELECT ENAME
  2  FROM EMP
  3  WHERE ENAME LIKE 'J%' OR ENAME LIKE 'F%';

ENAME                                                                                                                                                                                                   
----------                                                                                                                                                                                              
JONES                                                                                                                                                                                                   
JAMES                                                                                                                                                                                                   
FORD                                                                                                                                                                                                    

SQL> --165--
SQL> SELECT *
  2  FROM EMP
  3  WHERE JOB NOT IN ('ANALYST','SALESMAN') AND SAL>1000 AND DEPTNO =20;

     EMPNO ENAME      JOB              MGR HIREDATE         SAL       COMM     DEPTNO                                                                                                                   
---------- ---------- --------- ---------- --------- ---------- ---------- ----------                                                                                                                   
      7566 JONES      MANAGER         7839 02-APR-81       2975                    20                                                                                                                   
      7876 ADAMS      CLERK           7788 23-MAY-87       1100                    20                                                                                                                   

SQL> SELECT ENAME
  2  FROM EMP
  3  WHERE ENAME LIKE '%L' AND COMM IS NOT NULL AND DEPTNO NOT IN (10,20);

no rows selected

SQL> SELECT JOB
  2  FROM EMP
  3  WHERE JOB = 'SALESMAN' AND SAL LIKE '%5%';

JOB                                                                                                                                                                                                     
---------                                                                                                                                                                                               
SALESMAN                                                                                                                                                                                                
SALESMAN                                                                                                                                                                                                
SALESMAN                                                                                                                                                                                                

SQL> SELECT HIREDATE
  2  FROM EMP
  3  WHERE HIREDATE BETWEEN '1-JAN-80' AND '31-DEC-81';

HIREDATE                                                                                                                                                                                                
---------                                                                                                                                                                                               
17-DEC-80                                                                                                                                                                                               
20-FEB-81                                                                                                                                                                                               
22-FEB-81                                                                                                                                                                                               
02-APR-81                                                                                                                                                                                               
28-SEP-81                                                                                                                                                                                               
01-MAY-81                                                                                                                                                                                               
09-JUN-81                                                                                                                                                                                               
17-NOV-81                                                                                                                                                                                               
08-SEP-81                                                                                                                                                                                               
03-DEC-81                                                                                                                                                                                               
03-DEC-81                                                                                                                                                                                               

11 rows selected.

SQL> --168--
SQL> SELECT JOB
  2  FROM EMP
  3  WHERE JOB = 'SALESMAN' AND ENAME LIKE '%N%';

JOB                                                                                                                                                                                                     
---------                                                                                                                                                                                               
SALESMAN                                                                                                                                                                                                
SALESMAN                                                                                                                                                                                                
SALESMAN                                                                                                                                                                                                

SQL> --169--
SQL> SELECT JOB
  2  FROM EMP
  3  WHERE JOB IN ('ANALYST','CLERK','SALESMAN');

JOB                                                                                                                                                                                                     
---------                                                                                                                                                                                               
CLERK                                                                                                                                                                                                   
SALESMAN                                                                                                                                                                                                
SALESMAN                                                                                                                                                                                                
SALESMAN                                                                                                                                                                                                
ANALYST                                                                                                                                                                                                 
SALESMAN                                                                                                                                                                                                
CLERK                                                                                                                                                                                                   
CLERK                                                                                                                                                                                                   
ANALYST                                                                                                                                                                                                 
CLERK                                                                                                                                                                                                   

10 rows selected.

SQL> --171--
SQL> SELECT *
  2  FROM EMP
  3  WHERE ENAME LIKE 'A%' AND ENAME LIKE 'N%';

no rows selected

SQL> --172--
SQL> SELECT *
  2  FROM EMP
  3  WHERE ENAME NOT LIKE 'N%';

     EMPNO ENAME      JOB              MGR HIREDATE         SAL       COMM     DEPTNO                                                                                                                   
---------- ---------- --------- ---------- --------- ---------- ---------- ----------                                                                                                                   
      7369 SMITH      CLERK           7902 17-DEC-80        800                    20                                                                                                                   
      7499 ALLEN      SALESMAN        7698 20-FEB-81       1600        300         30                                                                                                                   
      7521 WARD       SALESMAN        7698 22-FEB-81       1250        500         30                                                                                                                   
      7566 JONES      MANAGER         7839 02-APR-81       2975                    20                                                                                                                   
      7654 MARTIN     SALESMAN        7698 28-SEP-81       1250       1400         30                                                                                                                   
      7698 BLAKE      MANAGER         7839 01-MAY-81       2850                    30                                                                                                                   
      7782 CLARK      MANAGER         7839 09-JUN-81       2450                    10                                                                                                                   
      7788 SCOTT      ANALYST         7566 19-APR-87       3000                    20                                                                                                                   
      7839 KING       PRESIDENT            17-NOV-81       5000                    10                                                                                                                   
      7844 TURNER     SALESMAN        7698 08-SEP-81       1500          0         30                                                                                                                   
      7876 ADAMS      CLERK           7788 23-MAY-87       1100                    20                                                                                                                   
      7900 JAMES      CLERK           7698 03-DEC-81        950                    30                                                                                                                   
      7902 FORD       ANALYST         7566 03-DEC-81       3000                    20                                                                                                                   
      7934 MILLER     CLERK           7782 23-JAN-82       1300                    10                                                                                                                   

14 rows selected.

SQL> --173--
SQL> SELECT *
  2  FROM EMP
  3  WHERE LENGHT(ENAME )=5 AND SAL BETWEEN 2000 AND 20000;
WHERE LENGHT(ENAME )=5 AND SAL BETWEEN 2000 AND 20000
      *
ERROR at line 3:
ORA-00904: "LENGHT": invalid identifier 


SQL> ED
Wrote file afiedt.buf

  1  SELECT *
  2  FROM EMP
  3* WHERE LENGTH(ENAME )=5 AND SAL BETWEEN 2000 AND 20000
SQL> /

     EMPNO ENAME      JOB              MGR HIREDATE         SAL       COMM     DEPTNO                                                                                                                   
---------- ---------- --------- ---------- --------- ---------- ---------- ----------                                                                                                                   
      7566 JONES      MANAGER         7839 02-APR-81       2975                    20                                                                                                                   
      7698 BLAKE      MANAGER         7839 01-MAY-81       2850                    30                                                                                                                   
      7782 CLARK      MANAGER         7839 09-JUN-81       2450                    10                                                                                                                   
      7788 SCOTT      ANALYST         7566 19-APR-87       3000                    20                                                                                                                   

SQL> --174--
SQL> SELECT *
  2  FROM EMP
  3  WHERE JOB IN ('ANALYST','SALESMAN') AND DETPNO IN(20,10) AND SAL<30000;
WHERE JOB IN ('ANALYST','SALESMAN') AND DETPNO IN(20,10) AND SAL<30000
                                        *
ERROR at line 3:
ORA-00904: "DETPNO": invalid identifier 


SQL> ED
Wrote file afiedt.buf

  1  SELECT *
  2  FROM EMP
  3* WHERE JOB IN ('ANALYST','SALESMAN') AND DEPTNO IN(20,10) AND SAL<30000
SQL> /

     EMPNO ENAME      JOB              MGR HIREDATE         SAL       COMM     DEPTNO                                                                                                                   
---------- ---------- --------- ---------- --------- ---------- ---------- ----------                                                                                                                   
      7788 SCOTT      ANALYST         7566 19-APR-87       3000                    20                                                                                                                   
      7902 FORD       ANALYST         7566 03-DEC-81       3000                    20                                                                                                                   

SQL> --175--
SQL> SELECT *
  2  FROM EMP
  3  WHERE HIREDATE BETWEEN '01-JAN-82' AND '31-DEC-82' AND SAL>1000;

     EMPNO ENAME      JOB              MGR HIREDATE         SAL       COMM     DEPTNO                                                                                                                   
---------- ---------- --------- ---------- --------- ---------- ---------- ----------                                                                                                                   
      7934 MILLER     CLERK           7782 23-JAN-82       1300                    10                                                                                                                   

SQL> --176--
SQL> SELECT *
  2  FROM EMP
  3  WHERE JOB='SALESMAN' AND COMM IS NOT NULL;

     EMPNO ENAME      JOB              MGR HIREDATE         SAL       COMM     DEPTNO                                                                                                                   
---------- ---------- --------- ---------- --------- ---------- ---------- ----------                                                                                                                   
      7499 ALLEN      SALESMAN        7698 20-FEB-81       1600        300         30                                                                                                                   
      7521 WARD       SALESMAN        7698 22-FEB-81       1250        500         30                                                                                                                   
      7654 MARTIN     SALESMAN        7698 28-SEP-81       1250       1400         30                                                                                                                   
      7844 TURNER     SALESMAN        7698 08-SEP-81       1500          0         30                                                                                                                   

SQL> ED
Wrote file afiedt.buf

  1  SELECT *
  2  FROM EMP
  3* WHERE JOB='SALESMAN' AND COMM IS  NULL
SQL> /

no rows selected

SQL> SELECT *
  2  FROM EMP
  3  
SQL> spool off
