SQL> SELECT *
  2  
SQL> SET PAGES 200 LINE 200
SQL> SELECT *
  2  FROM EMP;

     EMPNO ENAME      JOB              MGR HIREDATE         SAL       COMM     DEPTNO                                                                                                                   
---------- ---------- --------- ---------- --------- ---------- ---------- ----------                                                                                                                   
      7369 SMITH      CLERK           7902 17-DEC-80        800                    20                                                                                                                   
      7499 ALLEN      SALESMAN        7698 20-FEB-81       1600        300         30                                                                                                                   
      7521 WARD       SALESMAN        7698 22-FEB-81       1250        500         30                                                                                                                   
      7566 JONES      MANAGER         7839 02-APR-81       2975                    20                                                                                                                   
      7654 MARTIN     SALESMAN        7698 28-SEP-81       1250       1400         30                                                                                                                   
      7698 BLAKE      MANAGER         7839 01-MAY-81       2850                    30                                                                                                                   
      7782 CLARK      MANAGER         7839 09-JUN-81       2450                    10                                                                                                                   
      7788 SCOTT      ANALYST         7566 19-APR-87       3000                    20                                                                                                                   
      7839 KING       PRESIDENT            17-NOV-81       5000                    10                                                                                                                   
      7844 TURNER     SALESMAN        7698 08-SEP-81       1500          0         30                                                                                                                   
      7876 ADAMS      CLERK           7788 23-MAY-87       1100                    20                                                                                                                   
      7900 JAMES      CLERK           7698 03-DEC-81        950                    30                                                                                                                   
      7902 FORD       ANALYST         7566 03-DEC-81       3000                    20                                                                                                                   
      7934 MILLER     CLERK           7782 23-JAN-82       1300                    10                                                                                                                   

14 rows selected.

SQL> SELECT EMP
  2  FROM WHERE DEPTNO '20';
FROM WHERE DEPTNO '20'
     *
ERROR at line 2:
ORA-00903: invalid table name 


SQL> SELECT EMP
  2  WHERE DEPTNO '20';
WHERE DEPTNO '20'
*
ERROR at line 2:
ORA-00923: FROM keyword not found where expected 


SQL> SELECT EMP
  2  
SQL> SELECT * FROM EMP
  2  WHERE DEPTNO '20';
WHERE DEPTNO '20'
             *
ERROR at line 2:
ORA-00920: invalid relational operator 


SQL> SELECT FROM EMP
  2  
SQL> SELECT * FROM EMP
  2  WHERE DEPTNO='20';

     EMPNO ENAME      JOB              MGR HIREDATE         SAL       COMM     DEPTNO                                                                                                                   
---------- ---------- --------- ---------- --------- ---------- ---------- ----------                                                                                                                   
      7369 SMITH      CLERK           7902 17-DEC-80        800                    20                                                                                                                   
      7566 JONES      MANAGER         7839 02-APR-81       2975                    20                                                                                                                   
      7788 SCOTT      ANALYST         7566 19-APR-87       3000                    20                                                                                                                   
      7876 ADAMS      CLERK           7788 23-MAY-87       1100                    20                                                                                                                   
      7902 FORD       ANALYST         7566 03-DEC-81       3000                    20                                                                                                                   

SQL> SELECT FROM EMP
  2  WHERE JOB,MANAGER;
SELECT FROM EMP
       *
ERROR at line 1:
ORA-00936: missing expression 


SQL> SELECT FROM EMP
  2  WHERE JOB = "MANAGER";
SELECT FROM EMP
       *
ERROR at line 1:
ORA-00936: missing expression 


SQL> SELECT ENAME ,JOB
  2  FROM EMP
  3  WHERE JOB='MANEGER';

no rows selected

SQL> SELECT ENAME,JOB
  2  FROM EMP
  3  WHERE JOB='MANAGER';

ENAME      JOB                                                                                                                                                                                          
---------- ---------                                                                                                                                                                                    
JONES      MANAGER                                                                                                                                                                                      
BLAKE      MANAGER                                                                                                                                                                                      
CLARK      MANAGER                                                                                                                                                                                      

SQL> SELECT ENAME,HIREDATE
  2  FROM EMP
  3  WHERE HIREDATE='14 FEB';
WHERE HIREDATE='14 FEB'
               *
ERROR at line 3:
ORA-01840: input value not long enough for date format 


SQL> SELECT *
  2  FROM EMP
  3  WHERE HIREDATE='14FEB';
WHERE HIREDATE='14FEB'
               *
ERROR at line 3:
ORA-01861: literal does not match format string 


SQL> SELECT ENAME,HIRENAME
  2  FROM EMP
  3  WHERE HIREDATE>'14-FEB-81';
SELECT ENAME,HIRENAME
             *
ERROR at line 1:
ORA-00904: "HIRENAME": invalid identifier 


SQL> ED
Wrote file afiedt.buf

  1  SELECT ENAME,HIREDAME
  2  FROM EMP
  3* WHERE HIREDATE>'14-FEB-81'
SQL> /
SELECT ENAME,HIREDAME
             *
ERROR at line 1:
ORA-00904: "HIREDAME": invalid identifier 


SQL> /
SELECT ENAME,HIREDAME
             *
ERROR at line 1:
ORA-00904: "HIREDAME": invalid identifier 


SQL> SELECT ENAME,HIREDATE
  2  
SQL> SELECT *
  2  FROM EMP
  3  WHERE HIREDATE>'85';
WHERE HIREDATE>'85'
               *
ERROR at line 3:
ORA-01847: day of month must be between 1 and last day of month 


SQL> SELECT *
  2  FROM EMP
  3  WHERE HIREDATE>'1-JUN-81';

     EMPNO ENAME      JOB              MGR HIREDATE         SAL       COMM     DEPTNO                                                                                                                   
---------- ---------- --------- ---------- --------- ---------- ---------- ----------                                                                                                                   
      7654 MARTIN     SALESMAN        7698 28-SEP-81       1250       1400         30                                                                                                                   
      7782 CLARK      MANAGER         7839 09-JUN-81       2450                    10                                                                                                                   
      7788 SCOTT      ANALYST         7566 19-APR-87       3000                    20                                                                                                                   
      7839 KING       PRESIDENT            17-NOV-81       5000                    10                                                                                                                   
      7844 TURNER     SALESMAN        7698 08-SEP-81       1500          0         30                                                                                                                   
      7876 ADAMS      CLERK           7788 23-MAY-87       1100                    20                                                                                                                   
      7900 JAMES      CLERK           7698 03-DEC-81        950                    30                                                                                                                   
      7902 FORD       ANALYST         7566 03-DEC-81       3000                    20                                                                                                                   
      7934 MILLER     CLERK           7782 23-JAN-82       1300                    10                                                                                                                   

9 rows selected.

SQL> SELECT *
  2  FROM EMP
  3  WHERE SAL>'+2000';

     EMPNO ENAME      JOB              MGR HIREDATE         SAL       COMM     DEPTNO                                                                                                                   
---------- ---------- --------- ---------- --------- ---------- ---------- ----------                                                                                                                   
      7566 JONES      MANAGER         7839 02-APR-81       2975                    20                                                                                                                   
      7698 BLAKE      MANAGER         7839 01-MAY-81       2850                    30                                                                                                                   
      7782 CLARK      MANAGER         7839 09-JUN-81       2450                    10                                                                                                                   
      7788 SCOTT      ANALYST         7566 19-APR-87       3000                    20                                                                                                                   
      7839 KING       PRESIDENT            17-NOV-81       5000                    10                                                                                                                   
      7902 FORD       ANALYST         7566 03-DEC-81       3000                    20                                                                                                                   

6 rows selected.

SQL> spool off
