SQL> SELECT ENAME
  2  FROM EMP
  3  WHERE JOB >(SELECT JOB
  4             FROM EMP
  5             WHERE ENAME ='SCOTT') AND DEPTNO (SELECT DEPTNO
  6                                              FROM DEPT
  7                                              WHERE DNAME = 'ACCOUNTING');
           WHERE ENAME ='SCOTT') AND DEPTNO (SELECT DEPTNO
                                             *
ERROR at line 5:
ORA-00936: missing expression 


SQL> ED
Wrote file afiedt.buf

  1  SELECT ENAME
  2  FROM EMP
  3  WHERE JOB >(SELECT JOB
  4             FROM EMP
  5             WHERE ENAME ='SCOTT') AND DEPTNO = (SELECT DEPTNO
  6                                              FROM DEPT
  7*                                             WHERE DNAME = 'ACCOUNTING')
SQL> /

ENAME                                                                                                                                                                                                   
----------                                                                                                                                                                                              
CLARK                                                                                                                                                                                                   
KING                                                                                                                                                                                                    
MILLER                                                                                                                                                                                                  

SQL> SELECT *
  2  FROM EMP
  3  WHERE JOB =(SELECT JOB
  4             FROM EMP
  5             WHERE JOB ='MANAGER')AND DEPTNO = (SELECT DEPTNO
  6                                               FROM DEPT
  7                                               WHERE LOC = 'CHICACO');
WHERE JOB =(SELECT JOB
            *
ERROR at line 3:
ORA-01427: single-row subquery returns more than one row 


SQL> ED
Wrote file afiedt.buf

  1  SELECT *
  2  FROM EMP
  3  WHERE JOB ='MANAGER' AND DEPTNO = (SELECT DEPTNO
  4  				   FROM DEPT
  5* 				   WHERE LOC = 'CHICAGO')
  6  /

     EMPNO ENAME      JOB              MGR HIREDATE         SAL       COMM     DEPTNO                                                                                                                   
---------- ---------- --------- ---------- --------- ---------- ---------- ----------                                                                                                                   
      7698 BLAKE      MANAGER         7839 01-MAY-81       2850                    30                                                                                                                   

SQL> --33--
SQL> SELECT *
  2  FROM EMP
  3  WHERE
  4  
SQL> SELECT ENAME,SAL
  2  FROM EMP
  3  WHERE SAL > (SELECT SAL
  4              FROM EMP
  5              WHERE ENAME ='KING' AND DEPTNO = (SELECT DEPTNO
  6                                                FROM DEPT
  7                                                WHERE DNAME ='ACCOUNTING');
WHERE SAL > (SELECT SAL
             *
ERROR at line 3:
ORA-00921: unexpected end of SQL command 


SQL> ED
Wrote file afiedt.buf

  1  SELECT ENAME,SAL
  2  FROM EMP
  3  WHERE SAL > (SELECT SAL
  4              FROM EMP
  5              WHERE ENAME ='KING' AND DEPTNO = (SELECT DEPTNO
  6                                                FROM DEPT
  7*                                               WHERE DNAME ='ACCOUNTING')
SQL> /
WHERE SAL > (SELECT SAL
             *
ERROR at line 3:
ORA-00921: unexpected end of SQL command 


SQL> ED
Wrote file afiedt.buf

  1  SELECT ENAME,SAL
  2  FROM EMP
  3  WHERE SAL>(SELECT SAL
  4              FROM EMP
  5              WHERE ENAME ='KING' AND DEPTNO = (SELECT DEPTNO
  6                                                FROM DEPT
  7*                                               WHERE DNAME ='ACCOUNTING')
SQL> /
WHERE SAL>(SELECT SAL
           *
ERROR at line 3:
ORA-00921: unexpected end of SQL command 


SQL> SELECT *
  2  FROM EMP
  3  WHERE JOB = 'SELESMAN' AND DEPTNO (SELECT DEPTNO
  4                                    FROM DEPT
  5                                    WHERE DNAME='SALES');
WHERE JOB = 'SELESMAN' AND DEPTNO (SELECT DEPTNO
                                   *
ERROR at line 3:
ORA-00936: missing expression 


SQL> ED
Wrote file afiedt.buf

  1  SELECT *
  2  FROM EMP
  3  WHERE JOB = 'SELESMAN' AND DEPTNO = (SELECT DEPTNO
  4                                    FROM DEPT
  5*                                   WHERE DNAME='SALES')
SQL> /

no rows selected

SQL> SELECT ENAME,JOB,HIREDATE
  2  FROM EMP
  3  WHERE DEPTNO =(SELECT DEPTNO
  4                 FROM DEPT
  5                 WHERE DNAME ='OPERATIONS' AND HIREDATE (SELECT HIREDATE
  6                                                         FROM EMP
  7                                                         WHERE ENAME='KING');
WHERE DEPTNO =(SELECT DEPTNO
               *
ERROR at line 3:
ORA-00921: unexpected end of SQL command 


SQL> ED
Wrote file afiedt.buf

  1  SELECT ENAME,JOB,HIREDATE
  2  FROM EMP
  3  WHERE DEPTNO =(SELECT DEPTNO
  4                 FROM DEPT
  5                 WHERE DNAME ='OPERATIONS' AND HIREDATE<(SELECT HIREDATE
  6                                                         FROM EMP
  7*                                                        WHERE ENAME='KING')
SQL> /
WHERE DEPTNO =(SELECT DEPTNO
               *
ERROR at line 3:
ORA-00921: unexpected end of SQL command 


SQL> ED
Wrote file afiedt.buf

  1  SELECT ENAME,JOB,HIREDATE
  2  FROM EMP
  3  WHERE DEPTNO =(SELECT DEPTNO
  4                 FROM DEPT
  5                 WHERE DNAME ='OPERATIONS') AND HIREDATE<(SELECT HIREDATE
  6                                                         FROM EMP
  7*                                                        WHERE ENAME='KING')
SQL> /

no rows selected

SQL> SELECT *
  2  FROM EMP
  3  WHERE DEPTNO =(SELECT DEPTNO
  4                 FROM EMP
  5                 WHERE DNAME LIKE '%S');
               WHERE DNAME LIKE '%S')
                     *
ERROR at line 5:
ORA-00904: "DNAME": invalid identifier 


SQL> ED
Wrote file afiedt.buf

  1  SELECT *
  2  FROM EMP
  3  WHERE DEPTNO =(SELECT DEPTNO
  4                 FROM DEPT
  5*                WHERE DNAME LIKE '%S')
SQL> /
WHERE DEPTNO =(SELECT DEPTNO
               *
ERROR at line 3:
ORA-01427: single-row subquery returns more than one row 


SQL> ED
Wrote file afiedt.buf

  1  SELECT *
  2  FROM EMP
  3  WHERE DEPTNO IN (SELECT DEPTNO
  4                 FROM DEPT
  5*                WHERE DNAME LIKE '%S')
SQL> /

     EMPNO ENAME      JOB              MGR HIREDATE         SAL       COMM     DEPTNO                                                                                                                   
---------- ---------- --------- ---------- --------- ---------- ---------- ----------                                                                                                                   
      7499 ALLEN      SALESMAN        7698 20-FEB-81       1600        300         30                                                                                                                   
      7521 WARD       SALESMAN        7698 22-FEB-81       1250        500         30                                                                                                                   
      7654 MARTIN     SALESMAN        7698 28-SEP-81       1250       1400         30                                                                                                                   
      7698 BLAKE      MANAGER         7839 01-MAY-81       2850                    30                                                                                                                   
      7844 TURNER     SALESMAN        7698 08-SEP-81       1500          0         30                                                                                                                   
      7900 JAMES      CLERK           7698 03-DEC-81        950                    30                                                                                                                   

6 rows selected.

SQL> SELECT
  2  
SQL> SELECT DNAME
  2  FROM DEPT
  3  WHERE DEPTNO =(SELECT DEPTNO
  4                 FROM EMP
  5                 WHERE ENAME LIKE'%A%');
WHERE DEPTNO =(SELECT DEPTNO
               *
ERROR at line 3:
ORA-01427: single-row subquery returns more than one row 


SQL> ED
Wrote file afiedt.buf

  1  SELECT DNAME
  2  FROM DEPT
  3  WHERE DEPTNO IN =(SELECT DEPTNO
  4                 FROM EMP
  5*                WHERE ENAME LIKE'%A%')
SQL> /
WHERE DEPTNO IN =(SELECT DEPTNO
                *
ERROR at line 3:
ORA-00936: missing expression 


SQL> ED
Wrote file afiedt.buf

  1  SELECT DNAME
  2  FROM DEPT
  3  WHERE DEPTNO IN (SELECT DEPTNO
  4                 FROM EMP
  5*                WHERE ENAME LIKE'%A%')
SQL> /

DNAME                                                                                                                                                                                                   
--------------                                                                                                                                                                                          
ACCOUNTING                                                                                                                                                                                              
RESEARCH                                                                                                                                                                                                
SALES                                                                                                                                                                                                   

SQL> SELECT LOC
  2  FROM EMP
  3  WHERE DEPTNO IN (SELECT DEPTNO
  4                  FROM EMP
  5                  WHERE COMM IS NOT NULL) AND DEPTNO =40;
SELECT LOC
       *
ERROR at line 1:
ORA-00904: "LOC": invalid identifier 


SQL> ED
Wrote file afiedt.buf

  1  SELECT LOC
  2  FROM DEPT
  3  WHERE DEPTNO IN (SELECT DEPTNO
  4                  FROM EMP
  5*                 WHERE COMM IS NOT NULL) AND DEPTNO =40
SQL> /

no rows selected

SQL> SELECT DNAME,LOC
  2  FROM DEPT
  3  WHERE DEPTNO IN(SELECT DEPTNO
  4                  FROM EMP
  5                  WHERE COMM IS NOT NULL);

DNAME          LOC                                                                                                                                                                                      
-------------- -------------                                                                                                                                                                            
SALES          CHICAGO                                                                                                                                                                                  

SQL> SPOOL OFF
