SQL> --1 QUESTION--
SQL> SELECT ENAME
  2  FROM EMP
  3  WHERE NAME LIKE 'P%';
WHERE NAME LIKE 'P%'
      *
ERROR at line 3:
ORA-00904: "NAME": invalid identifier 


SQL> ED
Wrote file afiedt.buf

  1  SELECT ENAME
  2  FROM EMP
  3* WHERE ENAME LIKE 'P%'
SQL> /

no rows selected

SQL> -- 2N QUESTION--
SQL> SELECT JOB, DEPTNO
  2  FROM EMP
  3  WHERE DEPTNO IN(10,20) AND JOB = ('ANALYST','CLERK');
WHERE DEPTNO IN(10,20) AND JOB = ('ANALYST','CLERK')
                               *
ERROR at line 3:
ORA-01797: this operator must be followed by ANY or ALL 


SQL> ED
Wrote file afiedt.buf

  1  SELECT JOB, DEPTNO
  2  FROM EMP
  3* WHERE DEPTNO IN(10,20) AND JOB IN ('ANALYST','CLERK')
SQL> /

JOB           DEPTNO                                                            
--------- ----------                                                            
CLERK             20                                                            
ANALYST           20                                                            
CLERK             20                                                            
ANALYST           20                                                            
CLERK             10                                                            

SQL> SELECT DNAME
  2  FROM DNAME
  3  WHERE JOB LIKE '  ' AND DNAME LIKE '%E%E%';
FROM DNAME
     *
ERROR at line 2:
ORA-00942: table or view does not exist 


SQL> ED
Wrote file afiedt.buf

  1  SELECT DNAME
  2  FROM DNAME
  3* WHERE JOB LOC LIKE '  ' AND DNAME LIKE '%E%E%'
SQL> /
WHERE JOB LOC LIKE '  ' AND DNAME LIKE '%E%E%'
          *
ERROR at line 3:
ORA-00920: invalid relational operator 


SQL> ED
Wrote file afiedt.buf

  1  SELECT DNAME
  2  FROM DEPT
  3* WHERE JOB LOC LIKE '  ' AND DNAME LIKE '%E%E%'
SQL> /
WHERE JOB LOC LIKE '  ' AND DNAME LIKE '%E%E%'
          *
ERROR at line 3:
ORA-00920: invalid relational operator 


SQL> ED
Wrote file afiedt.buf

  1  SELECT DNAME
  2  FROM DEPT
  3* WHERE  LOC LIKE '  ' AND DNAME LIKE '%E%E%'
SQL> /

no rows selected

SQL> -- 4TH QUESTION--
SQL> 
SQL> SELECT ENAME, SAL,DEPTNO
  2  FROM EMP
  3  WHERE ENAME LIKE '%A%A%' AND SAL BETWEEN 1200 AND 2800 AND DEPTNO IN (10,20,30);

no rows selected

SQL> ED
Wrote file afiedt.buf

  1  SELECT *
  2  FROM EMP
  3* WHERE JOB LIKE '%A%A%' AND SAL BETWEEN 1200 AND 2800 AND DEPTNO IN (10,20,30)
SQL> /

     EMPNO ENAME      JOB              MGR HIREDATE         SAL       COMM      
---------- ---------- --------- ---------- --------- ---------- ----------      
    DEPTNO                                                                      
----------                                                                      
      7499 ALLEN      SALESMAN        7698 20-FEB-81       1600        300      
        30                                                                      
                                                                                
      7521 WARD       SALESMAN        7698 22-FEB-81       1250        500      
        30                                                                      
                                                                                
      7654 MARTIN     SALESMAN        7698 28-SEP-81       1250       1400      
        30                                                                      
                                                                                

     EMPNO ENAME      JOB              MGR HIREDATE         SAL       COMM      
---------- ---------- --------- ---------- --------- ---------- ----------      
    DEPTNO                                                                      
----------                                                                      
      7782 CLARK      MANAGER         7839 09-JUN-81       2450                 
        10                                                                      
                                                                                
      7844 TURNER     SALESMAN        7698 08-SEP-81       1500          0      
        30                                                                      
                                                                                

SQL> SET PAGES 200 LINE 200
SQL> /

     EMPNO ENAME      JOB              MGR HIREDATE         SAL       COMM     DEPTNO                                                                                                                   
---------- ---------- --------- ---------- --------- ---------- ---------- ----------                                                                                                                   
      7499 ALLEN      SALESMAN        7698 20-FEB-81       1600        300         30                                                                                                                   
      7521 WARD       SALESMAN        7698 22-FEB-81       1250        500         30                                                                                                                   
      7654 MARTIN     SALESMAN        7698 28-SEP-81       1250       1400         30                                                                                                                   
      7782 CLARK      MANAGER         7839 09-JUN-81       2450                    10                                                                                                                   
      7844 TURNER     SALESMAN        7698 08-SEP-81       1500          0         30                                                                                                                   

SQL> SELECT *
  2  FROM EMP
  3  WHERE MGR LIKE '%8' AND JOB IN ('MANAGER','SALESMAN') AND DEPTNO = 30;

     EMPNO ENAME      JOB              MGR HIREDATE         SAL       COMM     DEPTNO                                                                                                                   
---------- ---------- --------- ---------- --------- ---------- ---------- ----------                                                                                                                   
      7499 ALLEN      SALESMAN        7698 20-FEB-81       1600        300         30                                                                                                                   
      7521 WARD       SALESMAN        7698 22-FEB-81       1250        500         30                                                                                                                   
      7654 MARTIN     SALESMAN        7698 28-SEP-81       1250       1400         30                                                                                                                   
      7844 TURNER     SALESMAN        7698 08-SEP-81       1500          0         30                                                                                                                   

SQL> -- 6TH NUMBER QUESTION--
SQL> SELECT *
  2  FROM EMP
  3  WHERE COMM IS NOT NULL AND JOB NOT IN ('MANAGER','CLERK') AND HIREDATE BETWEEN '1-JAN-80 AND '31-DEC-81' AND SAL>1500;
ERROR:
ORA-01756: quoted string not properly terminated 


SQL> ED
Wrote file afiedt.buf

  1  SELECT *
  2  FROM EMP
  3* WHERE COMM IS NOT NULL AND JOB NOT IN ('MANAGER','CLERK') AND HIREDATE BETWEEN '1-JAN-80' AND '31-DEC-81' AND SAL>1500
SQL> /

     EMPNO ENAME      JOB              MGR HIREDATE         SAL       COMM     DEPTNO                                                                                                                   
---------- ---------- --------- ---------- --------- ---------- ---------- ----------                                                                                                                   
      7499 ALLEN      SALESMAN        7698 20-FEB-81       1600        300         30                                                                                                                   

SQL> -- 7TH NUMBER QUESTION--
SQL> SELECT *
  2  FROM EMP
  3  WHERE ENAME LIKE '_____' AND HIREDATE BETWEEN '1-JAN-80' AND '31-DEC-81' AND MGR IS NOT NULL AND SAL BETWEEN 800 AND 2000 AND DEPTNO IN (30,40);

     EMPNO ENAME      JOB              MGR HIREDATE         SAL       COMM     DEPTNO                                                                                                                   
---------- ---------- --------- ---------- --------- ---------- ---------- ----------                                                                                                                   
      7499 ALLEN      SALESMAN        7698 20-FEB-81       1600        300         30                                                                                                                   
      7900 JAMES      CLERK           7698 03-DEC-81        950                    30                                                                                                                   

SQL> SELECT *
  2  FROM EMP
  3  WHERE ENAME LIKE'_____' AND ENAME LIKE '%A%E%I%O%U%';

no rows selected

SQL> -- 10TH NUMBER QUESTION--
SQL> SELECT *
  2  FROM EMP
  3  WHERE ENAME LIKE '__';

no rows selected

SQL> ED
Wrote file afiedt.buf

  1  SELECT *
  2  FROM EMP
  3* WHERE ENAME LIKE '%__%'
SQL> /

     EMPNO ENAME      JOB              MGR HIREDATE         SAL       COMM     DEPTNO                                                                                                                   
---------- ---------- --------- ---------- --------- ---------- ---------- ----------                                                                                                                   
      7369 SMITH      CLERK           7902 17-DEC-80        800                    20                                                                                                                   
      7499 ALLEN      SALESMAN        7698 20-FEB-81       1600        300         30                                                                                                                   
      7521 WARD       SALESMAN        7698 22-FEB-81       1250        500         30                                                                                                                   
      7566 JONES      MANAGER         7839 02-APR-81       2975                    20                                                                                                                   
      7654 MARTIN     SALESMAN        7698 28-SEP-81       1250       1400         30                                                                                                                   
      7698 BLAKE      MANAGER         7839 01-MAY-81       2850                    30                                                                                                                   
      7782 CLARK      MANAGER         7839 09-JUN-81       2450                    10                                                                                                                   
      7788 SCOTT      ANALYST         7566 19-APR-87       3000                    20                                                                                                                   
      7839 KING       PRESIDENT            17-NOV-81       5000                    10                                                                                                                   
      7844 TURNER     SALESMAN        7698 08-SEP-81       1500          0         30                                                                                                                   
      7876 ADAMS      CLERK           7788 23-MAY-87       1100                    20                                                                                                                   
      7900 JAMES      CLERK           7698 03-DEC-81        950                    30                                                                                                                   
      7902 FORD       ANALYST         7566 03-DEC-81       3000                    20                                                                                                                   
      7934 MILLER     CLERK           7782 23-JAN-82       1300                    10                                                                                                                   

14 rows selected.

SQL> SELECT *
  2  FROM EMP
  3  WHERE ENAME LIKE 'S%' AND ENAME NOT LIKE '%A%E%I%O%U';

     EMPNO ENAME      JOB              MGR HIREDATE         SAL       COMM     DEPTNO                                                                                                                   
---------- ---------- --------- ---------- --------- ---------- ---------- ----------                                                                                                                   
      7369 SMITH      CLERK           7902 17-DEC-80        800                    20                                                                                                                   
      7788 SCOTT      ANALYST         7566 19-APR-87       3000                    20                                                                                                                   

SQL> -- 1TH NUMBER QUESTION--
SQL> SELECT *
  2  FROM EMP
  3  WHERE ENAME LIKE '';

no rows selected

SQL> -- 12TH NUMBER QUESTION--
SQL> SELECT *
  2  FROM EMP
  3  WHERE MGR LIKE '%8
  4  
SQL> 
SQL> 
SQL> 
SQL> 
SQL> 
SQL> 
SQL> 
SQL> 
SQL> 
SQL> 
SQL> 
SQL> 
SQL> ED
Wrote file afiedt.buf

  1  SELECT *
  2  FROM EMP
  3* WHERE MGR LIKE '%8'
SQL> /

     EMPNO ENAME      JOB              MGR HIREDATE         SAL       COMM     DEPTNO                                                                                                                   
---------- ---------- --------- ---------- --------- ---------- ---------- ----------                                                                                                                   
      7499 ALLEN      SALESMAN        7698 20-FEB-81       1600        300         30                                                                                                                   
      7521 WARD       SALESMAN        7698 22-FEB-81       1250        500         30                                                                                                                   
      7654 MARTIN     SALESMAN        7698 28-SEP-81       1250       1400         30                                                                                                                   
      7844 TURNER     SALESMAN        7698 08-SEP-81       1500          0         30                                                                                                                   
      7876 ADAMS      CLERK           7788 23-MAY-87       1100                    20                                                                                                                   
      7900 JAMES      CLERK           7698 03-DEC-81        950                    30                                                                                                                   

6 rows selected.

SQL> -- 14TH NUMBER QUESTION --
SQL> SELECT *
  2  FROM EMP
  3  WHERE JOB = 'SALESMAN' AND SAL BETWEEN 1500 AND 3000;

     EMPNO ENAME      JOB              MGR HIREDATE         SAL       COMM     DEPTNO                                                                                                                   
---------- ---------- --------- ---------- --------- ---------- ---------- ----------                                                                                                                   
      7499 ALLEN      SALESMAN        7698 20-FEB-81       1600        300         30                                                                                                                   
      7844 TURNER     SALESMAN        7698 08-SEP-81       1500          0         30                                                                                                                   

SQL> 15TH NUMBER QUESTION--
> 
SP2-0734: unknown command beginning "15TH NUMBE..." - rest of line ignored.
SQL> -- 15TH NUMBER QUESTION --
SQL> SELECT *
  2  FROM EMP
  3  WHERE JOB IN ('MANAGER','SALESMAN') AND DEPTNO IN (20,30) AND SAL BETWEEN 1000 AND 3000;

     EMPNO ENAME      JOB              MGR HIREDATE         SAL       COMM     DEPTNO                                                                                                                   
---------- ---------- --------- ---------- --------- ---------- ---------- ----------                                                                                                                   
      7499 ALLEN      SALESMAN        7698 20-FEB-81       1600        300         30                                                                                                                   
      7521 WARD       SALESMAN        7698 22-FEB-81       1250        500         30                                                                                                                   
      7566 JONES      MANAGER         7839 02-APR-81       2975                    20                                                                                                                   
      7654 MARTIN     SALESMAN        7698 28-SEP-81       1250       1400         30                                                                                                                   
      7698 BLAKE      MANAGER         7839 01-MAY-81       2850                    30                                                                                                                   
      7844 TURNER     SALESMAN        7698 08-SEP-81       1500          0         30                                                                                                                   

6 rows selected.

SQL> -- 16TH NUMBER QUESTION --
SQL> SELECT *
  2  FROM EMP
  3  WHERE SAL BETWEEN 1000 AND 2000 AND DEPTNO IN (10,20,30);

     EMPNO ENAME      JOB              MGR HIREDATE         SAL       COMM     DEPTNO                                                                                                                   
---------- ---------- --------- ---------- --------- ---------- ---------- ----------                                                                                                                   
      7499 ALLEN      SALESMAN        7698 20-FEB-81       1600        300         30                                                                                                                   
      7521 WARD       SALESMAN        7698 22-FEB-81       1250        500         30                                                                                                                   
      7654 MARTIN     SALESMAN        7698 28-SEP-81       1250       1400         30                                                                                                                   
      7844 TURNER     SALESMAN        7698 08-SEP-81       1500          0         30                                                                                                                   
      7876 ADAMS      CLERK           7788 23-MAY-87       1100                    20                                                                                                                   
      7934 MILLER     CLERK           7782 23-JAN-82       1300                    10                                                                                                                   

6 rows selected.

SQL> ED
Wrote file afiedt.buf

  1  SELECT *
  2  FROM EMP
  3* WHERE SAL BETWEEN 1000 AND 2000 AND DEPTNO IN (10,20,30) AND JON NOT IN ('CLERK')
SQL> /
WHERE SAL BETWEEN 1000 AND 2000 AND DEPTNO IN (10,20,30) AND JON NOT IN ('CLERK')
                                                             *
ERROR at line 3:
ORA-00904: "JON": invalid identifier 


SQL> ED
Wrote file afiedt.buf

  1  SELECT *
  2  FROM EMP
  3* WHERE SAL BETWEEN 1000 AND 2000 AND DEPTNO IN (10,20,30) AND JOB NOT IN ('CLERK')
SQL> /

     EMPNO ENAME      JOB              MGR HIREDATE         SAL       COMM     DEPTNO                                                                                                                   
---------- ---------- --------- ---------- --------- ---------- ---------- ----------                                                                                                                   
      7499 ALLEN      SALESMAN        7698 20-FEB-81       1600        300         30                                                                                                                   
      7521 WARD       SALESMAN        7698 22-FEB-81       1250        500         30                                                                                                                   
      7654 MARTIN     SALESMAN        7698 28-SEP-81       1250       1400         30                                                                                                                   
      7844 TURNER     SALESMAN        7698 08-SEP-81       1500          0         30                                                                                                                   

SQL> -- 17 TH NUMBER QUESTION--
SQL> SELECT *
  2  FROM EMP
  3  WHERE ENAME LIKE '%A' AND SAL >1000;

no rows selected

SQL> ED
Wrote file afiedt.buf

  1  SELECT *
  2  FROM EMP
  3* WHERE ENAME LIKE 'A%' AND SAL >1000
SQL> /

     EMPNO ENAME      JOB              MGR HIREDATE         SAL       COMM     DEPTNO                                                                                                                   
---------- ---------- --------- ---------- --------- ---------- ---------- ----------                                                                                                                   
      7499 ALLEN      SALESMAN        7698 20-FEB-81       1600        300         30                                                                                                                   
      7876 ADAMS      CLERK           7788 23-MAY-87       1100                    20                                                                                                                   

SQL> -- 18TH NUMBER --
SQL> SELECT *
  2  FROM EMP
  3  WHERE PERCENTAGE >60;
WHERE PERCENTAGE >60
      *
ERROR at line 3:
ORA-00904: "PERCENTAGE": invalid identifier 


SQL> ED
Wrote file afiedt.buf

  1  SELECT *
  2  FROM STUDENT
  3* WHERE PERCENTAGE >60
SQL> /
FROM STUDENT
     *
ERROR at line 2:
ORA-00942: table or view does not exist 


SQL> ED
Wrote file afiedt.buf

  1  SELECT *
  2  FROM STUDENT
  3* WHERE PERCENT >60
SQL> /
FROM STUDENT
     *
ERROR at line 2:
ORA-00942: table or view does not exist 


SQL> ED
Wrote file afiedt.buf

  1  SELECT ENAME
  2  FROM STUDENT
  3* WHERE PERCENT >60
SQL> /
FROM STUDENT
     *
ERROR at line 2:
ORA-00942: table or view does not exist 


SQL> SELECT *
  2  FROM EMP
  3  WHERE ENAME LIKE '%M%M';

no rows selected

SQL> ED
Wrote file afiedt.buf

  1  SELECT *
  2  FROM EMP
  3* WHERE ENAME LIKE '%M%M%'
SQL> /

no rows selected

SQL> SPOOL OFF
