SQL> SELECT COUNT(*)
  2  FROM EMP
  3  WHERE JOB NOT IN ('PRESIDENT')
  4  GROUP BY DEPTNO;

  COUNT(*)                                                                      
----------                                                                      
         6                                                                      
         5                                                                      
         2                                                                      

SQL> SELECT SUM(SAL)
  2  FROM EMP
  3  GROUP BY JOB;

  SUM(SAL)                                                                      
----------                                                                      
      4150                                                                      
      5600                                                                      
      5000                                                                      
      8275                                                                      
      6000                                                                      

SQL> SELECT COUNT(*)
  2  FROM EMP
  3  WHERE JOB IN ('MANAGER')
  4  GROUP BY DEPTNO;

  COUNT(*)                                                                      
----------                                                                      
         1                                                                      
         1                                                                      
         1                                                                      

SQL> SELECT AVG(SAL)
  2  FROM EMP
  3  WHERE DEPTNO = 20
  4  GROUP BY DEPTNO;

  AVG(SAL)                                                                      
----------                                                                      
      2175                                                                      

SQL> SELECT COUNT(*)
  2  FROM EMP
  3  WHERE ENAME LIKE '%A%'
  4  GROUP BY JOB;

  COUNT(*)                                                                      
----------                                                                      
         3                                                                      
         2                                                                      
         2                                                                      

SQL> SELECT COUNT(*),AVG(SAL)
  2  FROM EMP
  3  WHERE SAL>2000
  4  GROUP BY DEPTNO;

  COUNT(*)   AVG(SAL)                                                           
---------- ----------                                                           
         1       2850                                                           
         3 2991.66667                                                           
         2       3725                                                           

SQL> SELECT SUM(SAL),COUNT(*)
  2  FROM EMP
  3  WHERE JOB = SALESMAN
  4  GROUP BY DEPTNO;
WHERE JOB = SALESMAN
            *
ERROR at line 3:
ORA-00904: "SALESMAN": invalid identifier 


SQL> ED
Wrote file afiedt.buf

  1  SELECT SUM(SAL),COUNT(*)
  2  FROM EMP
  3  WHERE JOB = ('SALESMAN')
  4* GROUP BY DEPTNO
SQL> /

  SUM(SAL)   COUNT(*)                                                           
---------- ----------                                                           
      5600          4                                                           

SQL> SELECT COUNT(*),MAX(SAL)
  2  FROM EMP
  3  GROUP BY JOB;

  COUNT(*)   MAX(SAL)                                                           
---------- ----------                                                           
         4       1300                                                           
         4       1600                                                           
         1       5000                                                           
         3       2975                                                           
         2       3000                                                           

SQL> SELECT MAX(SAL)
  2  FROM EMP
  3  GROUP BY DEPTNO;

  MAX(SAL)                                                                      
----------                                                                      
      2850                                                                      
      3000                                                                      
      5000                                                                      

SQL> SPOOL OFF
