SQL> SELECT ENAME
  2  FROM EMP
  3  
SQL> SET PAGES 200 LINE 200
SQL> --1--
SQL> SELECT ENAME
  2  FROM EMP
  3  WHERE SAL> ( SELECT SAL
  4             FROM EMP
  5             WHERE ENAME = 'ADAMS');

ENAME                                                                                                                                                                                                   
----------                                                                                                                                                                                              
ALLEN                                                                                                                                                                                                   
WARD                                                                                                                                                                                                    
JONES                                                                                                                                                                                                   
MARTIN                                                                                                                                                                                                  
BLAKE                                                                                                                                                                                                   
CLARK                                                                                                                                                                                                   
SCOTT                                                                                                                                                                                                   
KING                                                                                                                                                                                                    
TURNER                                                                                                                                                                                                  
FORD                                                                                                                                                                                                    
MILLER                                                                                                                                                                                                  

11 rows selected.

SQL> --2--
SQL> SELECT ENAME,SAL
  2  FROM EMP
  3  WHERE SAL< (SELECT SAL
  4             FROM EMP
  5             WHERE ENAME = 'KING');

ENAME             SAL                                                                                                                                                                                   
---------- ----------                                                                                                                                                                                   
SMITH             800                                                                                                                                                                                   
ALLEN            1600                                                                                                                                                                                   
WARD             1250                                                                                                                                                                                   
JONES            2975                                                                                                                                                                                   
MARTIN           1250                                                                                                                                                                                   
BLAKE            2850                                                                                                                                                                                   
CLARK            2450                                                                                                                                                                                   
SCOTT            3000                                                                                                                                                                                   
TURNER           1500                                                                                                                                                                                   
ADAMS            1100                                                                                                                                                                                   
JAMES             950                                                                                                                                                                                   
FORD             3000                                                                                                                                                                                   
MILLER           1300                                                                                                                                                                                   

13 rows selected.

SQL> --3--
SQL> SELECT ENAME,DEPTNO
  2  FROM EMP
  3  WHERE DEPTNO = ( SELECT DEPTNO
  4                 FROM EMP
  5                 WHERE ENAME = 'JONES');

ENAME          DEPTNO                                                                                                                                                                                   
---------- ----------                                                                                                                                                                                   
SMITH              20                                                                                                                                                                                   
JONES              20                                                                                                                                                                                   
SCOTT              20                                                                                                                                                                                   
ADAMS              20                                                                                                                                                                                   
FORD               20                                                                                                                                                                                   

SQL> --4--
SQL> SELECT ENAME,JOB
  2  FROM EMP
  3  WHERE JOB = (SELECT JOB
  4              FROM EMP
  5              WHERE ENAME = 'JAMES');

ENAME      JOB                                                                                                                                                                                          
---------- ---------                                                                                                                                                                                    
SMITH      CLERK                                                                                                                                                                                        
ADAMS      CLERK                                                                                                                                                                                        
JAMES      CLERK                                                                                                                                                                                        
MILLER     CLERK                                                                                                                                                                                        

SQL> SELECT ENAME,EMPNO,SAL*12
  2  FROM EMP
  3  WHERE SAL>(SELECT SAL
  4            FROM EMP
  5            WHERE ENAME = 'WARD');

ENAME           EMPNO     SAL*12                                                                                                                                                                        
---------- ---------- ----------                                                                                                                                                                        
ALLEN            7499      19200                                                                                                                                                                        
JONES            7566      35700                                                                                                                                                                        
BLAKE            7698      34200                                                                                                                                                                        
CLARK            7782      29400                                                                                                                                                                        
SCOTT            7788      36000                                                                                                                                                                        
KING             7839      60000                                                                                                                                                                        
TURNER           7844      18000                                                                                                                                                                        
FORD             7902      36000                                                                                                                                                                        
MILLER           7934      15600                                                                                                                                                                        

9 rows selected.

SQL> --6--
SQL> SELECT ENAME,HIREDATE
  2  FROM EMP
  3  WHERE HIREDATE < (SELECT HIREDATE
  4                   FROM EMP
  5                   WHERE ENAME = 'SCOTT');

ENAME      HIREDATE                                                                                                                                                                                     
---------- ---------                                                                                                                                                                                    
SMITH      17-DEC-80                                                                                                                                                                                    
ALLEN      20-FEB-81                                                                                                                                                                                    
WARD       22-FEB-81                                                                                                                                                                                    
JONES      02-APR-81                                                                                                                                                                                    
MARTIN     28-SEP-81                                                                                                                                                                                    
BLAKE      01-MAY-81                                                                                                                                                                                    
CLARK      09-JUN-81                                                                                                                                                                                    
KING       17-NOV-81                                                                                                                                                                                    
TURNER     08-SEP-81                                                                                                                                                                                    
JAMES      03-DEC-81                                                                                                                                                                                    
FORD       03-DEC-81                                                                                                                                                                                    
MILLER     23-JAN-82                                                                                                                                                                                    

12 rows selected.

SQL> --7--
SQL> SELECT ENAME ,HIREDATE
  2  FROM EMP
  3  WHERE HIREDATE > (SELECT HIREDATE
  4                   FROM EMP
  5                   WHERE ENAME = 'PRESIDENT');

no rows selected

SQL> --9-- SELECT *
SQL> SELECT *
  2  FROM EMP
  3  WHERE HIREDATE < (SELECT HIREDATE
  4                   FROM EMP
  5                   WHERE ENAME ='MILLER');

     EMPNO ENAME      JOB              MGR HIREDATE         SAL       COMM     DEPTNO                                                                                                                   
---------- ---------- --------- ---------- --------- ---------- ---------- ----------                                                                                                                   
      7369 SMITH      CLERK           7902 17-DEC-80        800                    20                                                                                                                   
      7499 ALLEN      SALESMAN        7698 20-FEB-81       1600        300         30                                                                                                                   
      7521 WARD       SALESMAN        7698 22-FEB-81       1250        500         30                                                                                                                   
      7566 JONES      MANAGER         7839 02-APR-81       2975                    20                                                                                                                   
      7654 MARTIN     SALESMAN        7698 28-SEP-81       1250       1400         30                                                                                                                   
      7698 BLAKE      MANAGER         7839 01-MAY-81       2850                    30                                                                                                                   
      7782 CLARK      MANAGER         7839 09-JUN-81       2450                    10                                                                                                                   
      7839 KING       PRESIDENT            17-NOV-81       5000                    10                                                                                                                   
      7844 TURNER     SALESMAN        7698 08-SEP-81       1500          0         30                                                                                                                   
      7900 JAMES      CLERK           7698 03-DEC-81        950                    30                                                                                                                   
      7902 FORD       ANALYST         7566 03-DEC-81       3000                    20                                                                                                                   

11 rows selected.

SQL> --10--
SQL> SELECT ENAME,EMPNO
  2  FROM EMP
  3  WHERE SAL>(SELECT SAL
  4            FROM EMP
  5            WHERE ENAME = 'ALLEN');

ENAME           EMPNO                                                                                                                                                                                   
---------- ----------                                                                                                                                                                                   
JONES            7566                                                                                                                                                                                   
BLAKE            7698                                                                                                                                                                                   
CLARK            7782                                                                                                                                                                                   
SCOTT            7788                                                                                                                                                                                   
KING             7839                                                                                                                                                                                   
FORD             7902                                                                                                                                                                                   

6 rows selected.

SQL> SELECT ENAME,SAL
  2  FROM EMP
  3  WHERE SAL > (SELECT SAL
  4              FROM EMP
  5              WHERE ENAME = 'MILLER')
  6  AND < SAL (SELECT SAL
  7            FROM EMP
  8            WHERE ENAME = 'ALLEN');
AND < SAL (SELECT SAL
    *
ERROR at line 6:
ORA-00936: missing expression 


SQL> ED
Wrote file afiedt.buf

  1  SELECT ENAME,SAL
  2  FROM EMP
  3  WHERE SAL > (SELECT SAL
  4              FROM EMP
  5              WHERE ENAME = 'MILLER')
  6  AND<SAL (SELECT SAL
  7            FROM EMP
  8*           WHERE ENAME = 'ALLEN')
SQL> /
AND<SAL (SELECT SAL
   *
ERROR at line 6:
ORA-00936: missing expression 


SQL> SELECT ENAME,SAL
  2  FROM EMP
  3  WHERE SAL > (SELECT SAL
  4              FROM EMP
  5              WHERE ENAME ='MILLER')
  6  AND SAL < (SELECT SAL
  7            FROM EMP
  8            WHERE ENAME = 'ALLEN');

ENAME             SAL                                                                                                                                                                                   
---------- ----------                                                                                                                                                                                   
TURNER           1500                                                                                                                                                                                   

SQL> SELECT *
  2  FROM EMP
  3  WHERE DEPTNO =20 = (SELECT DEPTNO =20
  4                     FROM EMP
  5                     WHERE ENAME = 'SMITH');
WHERE DEPTNO =20 = (SELECT DEPTNO =20
                 *
ERROR at line 3:
ORA-00933: SQL command not properly ended 


SQL> --12--
SQL> --13--
SQL> SELECT *
  2  FROM EMP
  3  WHERE JOB ='MANAGER' AND DETPNO = (SELECT DEPTNO
  4                                    FROM EMP
  5                                    WHERE ENAME ='TURNER');
WHERE JOB ='MANAGER' AND DETPNO = (SELECT DEPTNO
                         *
ERROR at line 3:
ORA-00904: "DETPNO": invalid identifier 


SQL> ED
Wrote file afiedt.buf

  1  SELECT *
  2  FROM EMP
  3  WHERE JOB ='MANAGER' AND DEPTNO = (SELECT DEPTNO
  4                                    FROM EMP
  5*                                   WHERE ENAME ='TURNER')
SQL> /

     EMPNO ENAME      JOB              MGR HIREDATE         SAL       COMM     DEPTNO                                                                                                                   
---------- ---------- --------- ---------- --------- ---------- ---------- ----------                                                                                                                   
      7698 BLAKE      MANAGER         7839 01-MAY-81       2850                    30                                                                                                                   

SQL> --14--
SQL> SELECT ENAME ,HIREDATE
  2  FROM EMP
  3  WHERE HIREDATE > DATE '1980-01-01'
  4  AND HIREDATE < (SELECT HIREDATE
  5                 FROM EMP
  6                 WHERE ENAME = 'KING');

ENAME      HIREDATE                                                                                                                                                                                     
---------- ---------                                                                                                                                                                                    
SMITH      17-DEC-80                                                                                                                                                                                    
ALLEN      20-FEB-81                                                                                                                                                                                    
WARD       22-FEB-81                                                                                                                                                                                    
JONES      02-APR-81                                                                                                                                                                                    
MARTIN     28-SEP-81                                                                                                                                                                                    
BLAKE      01-MAY-81                                                                                                                                                                                    
CLARK      09-JUN-81                                                                                                                                                                                    
TURNER     08-SEP-81                                                                                                                                                                                    

8 rows selected.

SQL> --15--
SQL> SELECT ENAME,SAL*12
  2  FROM EMP
  3  WHERE SAL< (SELECT SAL
  4             FROM EMP
  5             WHERE ENAME ='BLAKE')
  6  AND SAL > 3500;

no rows selected

SQL> SELECT *
  2  FROM EMP
  3  WHERE SAL > (SELECT SAL
  4              FROM EMP
  5              WHERE ENAME = 'SCOTT')
  6  AND SAL < (SELECT SAL
  7            FROM EMP
  8            WHERE ENAME = 'KING');

no rows selected

SQL> --17--
SQL> SELECT ENAME
  2  FROM EMP
  3  WHERE ENAME LIKE 'A%' AND DEPTNO (SELECT DEPTNO
  4                            FROM EMP
  5                            WHERE ENAME ='BLAKE');
WHERE ENAME LIKE 'A%' AND DEPTNO (SELECT DEPTNO
                                  *
ERROR at line 3:
ORA-00936: missing expression 


SQL> ED
Wrote file afiedt.buf

  1  SELECT ENAME
  2  FROM EMP
  3  WHERE ENAME LIKE 'A%' AND DEPTNO = (SELECT DEPTNO
  4                            FROM EMP
  5*                           WHERE ENAME ='BLAKE')
SQL> /

ENAME                                                                                                                                                                                                   
----------                                                                                                                                                                                              
ALLEN                                                                                                                                                                                                   

SQL> --19--
SQL> SELECT *
  2  FROM EMP
  3  WHERE JOB ='CLERK' AND DEPTNO = (SELECT DEPTNO
  4                                  FROM EMP
  5                                  WHERE ENAME ='BLAKE');

     EMPNO ENAME      JOB              MGR HIREDATE         SAL       COMM     DEPTNO                                                                                                                   
---------- ---------- --------- ---------- --------- ---------- ---------- ----------                                                                                                                   
      7900 JAMES      CLERK           7698 03-DEC-81        950                    30                                                                                                                   

SQL> SELECT ENAME,COMM
  2  FROM EMP
  3  WHERE COMM IS NOT NULL AND JOB = (SELECT JOB
  4                                   FROM EMP
  5                                   WHERE ENAME ='SMITH');

no rows selected

SQL> --19--
SQL> SELECT *
  2  FROM EMP
  3  
SQL> --20--
SQL> SELECT ENAME,SAL*12,JOB
  2  FROM EMP
  3  WHERE SAL > (SELECT SAL
  4              FROM EMP
  5              WHERE ENAME ='SMITH')
  6  AND SAL < (SELECT SAL
  7            FROM EMP
  8            WHERE ENAME ='KING');

ENAME          SAL*12 JOB                                                                                                                                                                               
---------- ---------- ---------                                                                                                                                                                         
ALLEN           19200 SALESMAN                                                                                                                                                                          
WARD            15000 SALESMAN                                                                                                                                                                          
JONES           35700 MANAGER                                                                                                                                                                           
MARTIN          15000 SALESMAN                                                                                                                                                                          
BLAKE           34200 MANAGER                                                                                                                                                                           
CLARK           29400 MANAGER                                                                                                                                                                           
SCOTT           36000 ANALYST                                                                                                                                                                           
TURNER          18000 SALESMAN                                                                                                                                                                          
ADAMS           13200 CLERK                                                                                                                                                                             
JAMES           11400 CLERK                                                                                                                                                                             
FORD            36000 ANALYST                                                                                                                                                                           
MILLER          15600 CLERK                                                                                                                                                                             

12 rows selected.

SQL> -- THE END SUBQUERY BY ME --
SQL> SPOOL OFF
